I'm sorry, but errors were detected in your script. Please correct the
errors listed below, and try again.


File "game/script.rpy", line 50: Line is indented, but the preceding say statement statement does not expect a block. Please check this line's indentation.
    menu:
    ^

Ren'Py Version: Ren'Py 7.4.11.2266
Tue Dec 28 15:15:00 2021
